[INFO ] 2025-12-08 11:54:10.494 [main] AutomationProject - url opened
[INFO ] 2025-12-08 11:54:11.858 [main] AutomationProject - click on sign in
[INFO ] 2025-12-08 11:54:12.284 [main] AutomationProject - click on submit account create
[INFO ] 2025-12-08 13:10:31.970 [main] AutomationProject - url opened
[INFO ] 2025-12-08 13:10:34.417 [main] AutomationProject - click on sign in
[INFO ] 2025-12-08 13:10:34.803 [main] AutomationProject - click on submit account create
[INFO ] 2025-12-08 13:12:35.094 [main] AutomationProject - url opened
[INFO ] 2025-12-08 13:12:36.448 [main] AutomationProject - click on sign in
[INFO ] 2025-12-08 13:12:36.835 [main] AutomationProject - click on submit account create
[INFO ] 2025-12-08 13:18:07.312 [main] AutomationProject - url opened
[INFO ] 2025-12-08 13:18:08.674 [main] AutomationProject - click on sign in
[INFO ] 2025-12-08 13:18:09.083 [main] AutomationProject - click on submit account create
[INFO ] 2025-12-08 13:18:17.993 [main] AutomationProject - account registered successfully
[INFO ] 2025-12-08 13:19:13.677 [main] AutomationProject - url opened
[INFO ] 2025-12-08 13:19:15.022 [main] AutomationProject - click on sign in
[INFO ] 2025-12-08 13:19:15.381 [main] AutomationProject - click on submit account create
[INFO ] 2025-12-08 13:21:13.349 [main] AutomationProject - url opened
[INFO ] 2025-12-08 13:21:14.679 [main] AutomationProject - click on sign in
[INFO ] 2025-12-08 13:21:15.069 [main] AutomationProject - click on submit account create
[INFO ] 2025-12-08 13:23:00.060 [main] AutomationProject - url opened
[INFO ] 2025-12-08 13:23:01.433 [main] AutomationProject - click on sign in
[INFO ] 2025-12-08 13:23:01.840 [main] AutomationProject - click on submit account create
[INFO ] 2025-12-28 19:07:41.071 [main] AutomationProject - url opened
[INFO ] 2025-12-28 19:07:44.327 [main] AutomationProject - click on sign in
[INFO ] 2025-12-28 19:07:45.142 [main] AutomationProject - click on submit account create
[INFO ] 2025-12-28 19:10:03.967 [main] AutomationProject - url opened
[INFO ] 2025-12-28 19:10:05.575 [main] AutomationProject - click on sign in
[INFO ] 2025-12-28 19:10:06.100 [main] AutomationProject - click on submit account create
[INFO ] 2025-12-28 19:10:15.222 [main] AutomationProject - account creation failed - test failed
[INFO ] 2025-12-28 19:10:15.222 [main] AutomationProject - account registered successfully
